// Jest Snapshot v1, https://goo.gl/fbAQLP

exports[` Missions Component Rendering  renders correctly 1`] = `
<table
  className="missions-container"
>
  <thead
    className="missions-head"
  >
    <tr
      className="missions-titles"
    >
      <th>
        Mission
      </th>
      <th>
        Description
      </th>
      <th>
        Status
      </th>
      <th>
        Action
      </th>
    </tr>
  </thead>
  <tbody
    className="missions-list"
  />
</table>
`;
